// Jest Snapshot v1, https://goo.gl/fbAQLP

exports[`Renders Resource Upload component 1`] = `
<div>
  <form>
    <div
      class="usa-form-custom"
      id="resource-upload"
    >
      <section
        class="site-component-section"
        id="section-basic-mega-menu"
      >
        <h1
          class="usite-page-title"
          id="basic-mega-menu"
        >
          Resource Upload
        </h1>
        <p
          class="site-text-intro"
        >
          You can add the URL of the dataset where it is available on the agency website. If you are uploading the dataset itself, please notify the Data.gov team at
           
          <a
            class="usa-link usa-link--external"
            href="mailto:inventory-help@gsa.gov"
            rel="noopener noreferrer"
            target="_blank"
          >
            inventory-help@gsa.gov
          </a>
          . You can also add a URL or file of information related to the dataset such as a data dictionary.
        </p>
      </section>
      
      <div
        class="grid-row margin-top-3"
      >
        <div
          class="grid-col-12"
        >
          <span
            class="usa-label"
          >
            Resource
          </span>
          <div
            class="form-group "
          >
            <input
              class="usa-radio__input"
              id="resource-option-link-to-file"
              name="resource.urlType"
              type="radio"
              value="url"
            />
            <label
              class="usa-radio__label"
              for="resource-option-link-to-file"
            >
              <b>
                Link to a file:
              </b>
               Provide a direct download link to a file
            </label>
          </div>
          <div
            class="form-group "
          >
            <input
              class="usa-radio__input"
              id="resource-option-upload-file"
              name="resource.urlType"
              type="radio"
              value="upload"
            />
            <label
              class="usa-radio__label"
              for="resource-option-upload-file"
            >
              <b>
                Upload a file:
              </b>
               Upload a file from your computer
            </label>
          </div>
          <div
            class="form-group "
          >
            <input
              class="usa-radio__input"
              id="resource-option-link-to-api"
              name="resource.urlType"
              type="radio"
              value="linkToApi"
            />
            <label
              class="usa-radio__label"
              for="resource-option-link-to-api"
            >
              <b>
                Link to an API:
              </b>
               Provide a link to access a dataset via API
            </label>
          </div>
          <div
            class="form-group "
          >
            <input
              class="usa-radio__input"
              id="resource-option-access-url"
              name="resource.urlType"
              type="radio"
              value="accessUrl"
            />
            <label
              class="usa-radio__label"
              for="resource-option-access-url"
            >
              <b>
                Access URL:
              </b>
               Provide a link to a resource that is not directly downloadable, like an html website
            </label>
          </div>
        </div>
        <div
          class="grid-col-12"
        />
      </div>
      <div
        class="grid-row margin-top-3"
      >
        <div
          class="grid-col-12"
        >
          <div
            class="wrapper"
          >
            <label
              class="usa-label"
            >
              Name
            </label>
            <div
              class="usa-helptext "
            />
            
            <input
              class="usa-input  undefined undefined"
              name="resource.name"
              placeholder=""
              type="string"
              value=""
            />
          </div>
        </div>
      </div>
      <div
        class="grid-row margin-top-3"
      >
        <div
          class="grid-col-12"
        >
          <div
            class="wrapper"
          >
            <label
              class="usa-label"
            >
              Description
            </label>
            <div
              class="usa-helptext "
            >
              You can use Markdown Formatting here.
            </div>
            
            <textarea
              class="usa-input  undefined undefined"
              name="resource.description"
              rows="6"
              type="string"
            />
          </div>
        </div>
      </div>
      <div
        class="grid-row margin-top-3"
      >
        <div
          class="grid-col-12"
        >
          <div
            class="wrapper"
          >
            <label
              class="usa-label"
            >
              Media Type
            </label>
            <div
              class="usa-helptext "
            />
            
            <select
              choices="[object Object],[object Object],[object Object],[object Object],[object Object],[object Object],[object Object],[object Object],[object Object],[object Object],[object Object],[object Object],[object Object],[object Object],[object Object],[object Object],[object Object],[object Object],[object Object],[object Object],[object Object],[object Object],[object Object],[object Object],[object Object],[object Object],[object Object],[object Object],[object Object],[object Object],[object Object],[object Object],[object Object],[object Object],[object Object],[object Object],[object Object],[object Object],[object Object],[object Object],[object Object],[object Object],[object Object],[object Object],[object Object],[object Object],[object Object],[object Object],[object Object],[object Object],[object Object],[object Object],[object Object],[object Object],[object Object],[object Object],[object Object],[object Object],[object Object],[object Object],[object Object],[object Object]"
              class="usa-select  "
              name="resource.mimetype"
              type="select"
            >
              <option
                value=""
              >
                -Select-
              </option>
              <option
                value="ArcGIS Map Preview"
              >
                ArcGIS Map Preview
              </option>
              <option
                value="ArcGIS Map Service"
              >
                ArcGIS Map Service
              </option>
              <option
                value="ArcGIS Online Map"
              >
                ArcGIS Online Map
              </option>
              <option
                value="application/atom+xml"
              >
                Atom Feed -- Atom Feed
              </option>
              <option
                value="application/octet-stream"
              >
                BIN -- Binary Data
              </option>
              <option
                value="image/x-ms-bmp"
              >
                BMP -- Bitmap Image File
              </option>
              <option
                value="text/csv"
              >
                CSV -- Comma Separated Values File
              </option>
              <option
                value="application/x-dbf"
              >
                dBase -- dBase Database
              </option>
              <option
                value="application/x-director"
              >
                DCR -- Adobe Shockwave format
              </option>
              <option
                value="application/msword"
              >
                DOC -- Word Document
              </option>
              <option
                value="application/vnd.openxmlformats-officedocument.wordprocessingml.document"
              >
                DOCX -- Word OOXML Document
              </option>
              <option
                value="application/x-e00"
              >
                E00 -- ARC/INFO interchange file format
              </option>
              <option
                value="Esri REST"
              >
                Esri REST -- Esri Rest API Endpoint
              </option>
              <option
                value="application/x-msdownload"
              >
                EXE -- Windows Executable Program
              </option>
              <option
                value="[object Object]"
              >
                GeoJSON -- Geographic JavaScript Object Notation
              </option>
              <option
                value="image/gif"
              >
                GIF -- GIF Image File
              </option>
              <option
                value="application/gzip"
              >
                GZ -- Gzip File
              </option>
              <option
                value="text/html"
              >
                HTML -- Web Page
              </option>
              <option
                value="image/jpeg"
              >
                JPEG -- JPG Image File
              </option>
              <option
                value="application/x-javascript"
              >
                JS -- JavaScript
              </option>
              <option
                value="application/json"
              >
                JSON -- JavaScript Object Notation
              </option>
              <option
                value="application/vnd.google-earth.kml+xml"
              >
                KML -- KML File
              </option>
              <option
                value="application/vnd.google-earth.kmz+xml"
              >
                KMZ -- KMZ File
              </option>
              <option
                value="application/x-msaccess"
              >
                MDB -- Access Database
              </option>
              <option
                value="chemical/x-mopac-input"
              >
                MOP -- MOPAC Input format
              </option>
              <option
                value="image/x-mrsid"
              >
                MrSID
              </option>
              <option
                value="application/x-mxd"
              >
                MXD -- ESRI ArcGIS project file
              </option>
              <option
                value="application/x-n3"
              >
                N3 -- N3 Triples
              </option>
              <option
                value="application/netcdf"
              >
                NetCDF -- NetCDF File
              </option>
              <option
                value="application/vnd.oasis.opendocument.database"
              >
                ODB -- OpenDocument Database
              </option>
              <option
                value="application/vnd.oasis.opendocument.chart"
              >
                ODC -- OpenDocument Chart
              </option>
              <option
                value="application/vnd.oasis.opendocument.formula"
              >
                ODF -- OpenDocument Math Formula
              </option>
              <option
                value="application/vnd.oasis.opendocument.graphics"
              >
                ODG -- OpenDocument Image
              </option>
              <option
                value="application/vnd.oasis.opendocument.presentation"
              >
                ODP -- OpenDocument Presentation
              </option>
              <option
                value="application/vnd.oasis.opendocument.spreadsheet"
              >
                ODS -- OpenDocument Spreadsheet
              </option>
              <option
                value="application/vnd.oasis.opendocument.text"
              >
                ODT -- OpenDocument Text
              </option>
              <option
                value="application/owl+xml"
              >
                OWL --Web Ontology Language
              </option>
              <option
                value="application/pdf"
              >
                PDF -- PDF File
              </option>
              <option
                value="text/x-perl"
              >
                Perl Script
              </option>
              <option
                value="image/png"
              >
                PNG -- PNG Image File
              </option>
              <option
                value="application/vnd.ms-powerpoint"
              >
                PPT -- Powerpoint Presentation
              </option>
              <option
                value="application/vnd.openxmlformats-officedocument.presentationml.presentation"
              >
                PPTX -- Powerpoint OOXML Presentation
              </option>
              <option
                value="application/x-qgis"
              >
                QGIS -- QGIS File
              </option>
              <option
                value="application/rar"
              >
                RAR -- RAR Compressed File
              </option>
              <option
                value="application/rdf+xml"
              >
                RDF
              </option>
              <option
                value="application/rss+xml"
              >
                RSS -- RSS feed
              </option>
              <option
                value="[object Object]"
              >
                SHP -- Shapefile
              </option>
              <option
                value="application/sparql-results+xml"
              >
                SPARQL -- SPARQL end-point
              </option>
              <option
                value="image/svg+xml"
              >
                SVG -- SVG vector image
              </option>
              <option
                value="application/x-tar"
              >
                TAR -- TAR Compressed File
              </option>
              <option
                value="image/tiff"
              >
                TIFF -- TIFF Image File
              </option>
              <option
                value="text/tab-separated-values"
              >
                TSV -- Tab Separated Values File
              </option>
              <option
                value="text/plain"
              >
                TXT -- Text File
              </option>
              <option
                value="wcs"
              >
                WCS -- Web Coverage Service
              </option>
              <option
                value="[object Object]"
              >
                WFS -- Web Feature Service
              </option>
              <option
                value="WMS"
              >
                WMS -- Web Mapping Service
              </option>
              <option
                value="application/vnd.ms-excel"
              >
                XLS -- Excel Document
              </option>
              <option
                value="application/vnd.openxmlformats-officedocument.spreadsheetml.sheet"
              >
                XLSX -- Excel OOXML Spreadsheet
              </option>
              <option
                value="application/xml"
              >
                XML -- XML File
              </option>
              <option
                value="application/xslt+xml"
              >
                XSLT -- Extensible Stylesheet Language Transformations
              </option>
              <option
                value="chemical/x-xyz"
              >
                XYZ -- XYZ Chemical File
              </option>
              <option
                value="application/zip"
              >
                ZIP -- Zip File
              </option>
            </select>
          </div>
        </div>
      </div>
      <div
        class="grid-row margin-top-3"
      >
        <div
          class="grid-col-12"
        >
          <div
            class="wrapper"
          >
            <label
              class="usa-label"
            >
              Format
            </label>
            <div
              class="usa-helptext "
            >
              Examples include: csv, xml, json.  This will be guessed automatically.  Leave blank if you wish.
            </div>
            
            <input
              class="usa-input  undefined undefined"
              name="resource.format"
              type="string"
              value=""
            />
          </div>
        </div>
      </div>
      <div
        class="grid-row margin-top-3"
      >
        <div
          class="grid-col-12"
        >
          <button
            class="usa-button usa-button--outline"
            type="button"
          >
            Save and add another resource
          </button>
        </div>
      </div>
      
      
      <div
        class="margin-top-6 clearfix"
      >
        <button
          class="usa-button usa-button--outline"
          type="button"
        >
          Save draft
        </button>
        <div
          class="float-right"
        >
          <button
            class="usa-button usa-button--outline"
            type="button"
          >
            Back to previous page
          </button>
          <button
            class="usa-button margin-right-0"
            type="button"
          >
            Finish and publish
          </button>
        </div>
      </div>
    </div>
  </form>
</div>
`;
